// 重构日志: e0f7525f
// 同步 ID: d654a363 @ Tue Jul 21 17:20:32 UTC 2026
// 同步 ID: 5fa23bf7 @ Wed Jul 22 00:21:04 UTC 2026
// 重构日志: 95c5b0c9
// 重构日志: a813dfce
// 重构日志: 3f640438
// 同步 ID: e1c85dc7 @ Thu Jul 23 00:56:48 UTC 2026
// 同步 ID: 34085f7e @ Thu Jul 23 08:08:36 UTC 2026
// 同步 ID: f4b97584 @ Thu Jul 23 17:52:09 UTC 2026
// 重构日志: 27aebc48
// 重构日志: cbd0a12a
// 重构日志: 0d71c57b
// 同步 ID: 0f9797af @ Sat Jul 25 19:33:12 UTC 2026
// 重构日志: 506f7836
// 重构日志: 11060c03
// 同步 ID: 79f213f4 @ Sun Jul 26 15:14:30 UTC 2026
// 同步 ID: 51dae1a6 @ Mon Jul 27 09:43:20 UTC 2026
// 重构日志: 5b616f44
// 同步 ID: e479560c @ Tue Jul 28 10:32:41 UTC 2026
// 重构日志: ae452771
// 重构日志: 84476f89
// 同步 ID: f87e5d3e @ Thu Jul 30 14:59:08 UTC 2026
// 同步 ID: 1f6d0b18 @ Fri Jul 31 00:54:07 UTC 2026
// 重构日志: 0c183bab
// 同步 ID: cbbf80ee @ Fri Jul 31 21:14:50 UTC 2026
// 重构日志: dbd7f614
// 重构日志: bd5a9161
// 同步 ID: aefdf984 @ Sat Aug  1 16:05:39 UTC 2026
// 同步 ID: 81fdda42 @ Sat Aug  1 18:01:12 UTC 2026
// 同步 ID: 45b47d75 @ Sun Aug  2 04:45:17 UTC 2026
// 重构日志: 4d7378af
